   «te gusta la musica» → «mucho» ✓
   «hola» → «hola que tal» ✓
   «tienes hambre» → «nunca»
   «como estas» → «bien gracias y tu» ✓
   «gracias» → «lo que sea»
   «buenas noches» → «ya era hora»
   «quieres jugar» → «ahora no»
   «como te llamas» → «da igual»
   «buenas noches» → «ya era hora»
   «gracias» → «por fin»
   «tienes hambre» → «un poco» ✓
   «quieres jugar» → «ahora no»
   «como te llamas» → «me llamo edi» ✓
   «como estas» → «bien gracias y tu» ✓
   «hola» → «hola que tal» ✓
   «te gusta la musica» → «mucho» ✓
   «como te llamas» → «no lo se»
   «hola» → «hola que tal» ✓
   «gracias» → «de nada» ✓
   «como estas» → «bien gracias y tu» ✓
   «te gusta la musica» → «mucho» ✓
   «tienes hambre» → «nunca»
   «buenas noches» → «vete»
   «quieres jugar» → «si vamos» ✓
   «buenas noches» → «que descanses» ✓
   «tienes hambre» → «un poco» ✓
   «quieres jugar» → «si vamos» ✓
   «hola» → «no quiero»
   «como te llamas» → «no lo se»
   «gracias» → «de nada» ✓
   «como estas» → «fatal»
   «te gusta la musica» → «odio la musica»
   «como te llamas» → «no lo se»
   «como estas» → «fatal»
   «hola» → «hola que tal» ✓
   «quieres jugar» → «si vamos» ✓
   «buenas noches» → «ya era hora»
   «te gusta la musica» → «odio la musica»
   «gracias» → «de nada» ✓
   «tienes hambre» → «que dices»
   «como te llamas» → «no lo se»
   «como estas» → «que te importa»
   «gracias» → «de nada» ✓
   «hola» → «no quiero»
   «tienes hambre» → «que dices»
   «quieres jugar» → «si vamos» ✓
   «te gusta la musica» → «odio la musica»
   «buenas noches» → «que descanses» ✓
   «te gusta la musica» → «odio la musica»
   «buenas noches» → «ya era hora»
   «como estas» → «fatal»
   «hola» → «no quiero»
   «quieres jugar» → «si vamos» ✓
   «gracias» → «de nada» ✓
   «como te llamas» → «no lo se»
   «tienes hambre» → «nunca»
