[bypass] gen    0 ce=3.420 acc=0.052 (uni=2.916 bi=2.357) dice: " v oovvvvvvo  vvv ovvo  voovv v"
[bypass] gen   10 ce=3.171 acc=0.198 (uni=2.916 bi=2.357) dice: "                               "
[bypass] gen   20 ce=3.043 acc=0.198 (uni=2.916 bi=2.357) dice: "                               "
[bypass] gen   30 ce=2.943 acc=0.198 (uni=2.916 bi=2.357) dice: "                               "
[bypass] gen   40 ce=2.908 acc=0.198 (uni=2.916 bi=2.357) dice: "                               "
[bypass] gen   50 ce=2.877 acc=0.198 (uni=2.916 bi=2.357) dice: "                               "
[bypass] gen   60 ce=2.840 acc=0.198 (uni=2.916 bi=2.357) dice: "                               "
[bypass] gen   70 ce=2.798 acc=0.198 (uni=2.916 bi=2.357) dice: "                               "
[bypass] gen   80 ce=2.774 acc=0.198 (uni=2.916 bi=2.357) dice: "                               "
[bypass] gen   90 ce=2.773 acc=0.224 (uni=2.916 bi=2.357) dice: "      o                        "
[bypass] gen  100 ce=2.782 acc=0.241 (uni=2.916 bi=2.357) dice: "     ao  aa   a    aa   a  a   "
[bypass] gen  110 ce=2.757 acc=0.241 (uni=2.916 bi=2.357) dice: "     ao  aa   a    aa   a  a   "
[bypass] gen  120 ce=2.724 acc=0.241 (uni=2.916 bi=2.357) dice: "     ao  aa   a    aa   a  a   "
[bypass] gen  130 ce=2.709 acc=0.241 (uni=2.916 bi=2.357) dice: "      o                    o   "
[bypass] gen  140 ce=2.695 acc=0.233 (uni=2.916 bi=2.357) dice: "      o                    a   "
[bypass] gen  150 ce=2.698 acc=0.276 (uni=2.916 bi=2.357) dice: "     ao  aa   ao   aa   a  a   "
[bypass] gen  160 ce=2.678 acc=0.276 (uni=2.916 bi=2.357) dice: "     ao  aa   ao   aa   a  a   "
[bypass] gen  170 ce=2.659 acc=0.276 (uni=2.916 bi=2.357) dice: "      o  a     o   a       a   "
[bypass] gen  180 ce=2.639 acc=0.241 (uni=2.916 bi=2.357) dice: "      o  a                 a   "
[bypass] gen  190 ce=2.651 acc=0.233 (uni=2.916 bi=2.357) dice: "      o  a                 a   "
[bypass] gen  200 ce=2.650 acc=0.267 (uni=2.916 bi=2.357) dice: "      o  o     o   o       o   "
[bypass] gen  210 ce=2.628 acc=0.267 (uni=2.916 bi=2.357) dice: "o     o  o     o   o       o   "
[bypass] gen  220 ce=2.613 acc=0.267 (uni=2.916 bi=2.357) dice: "o     o  o     o   o       o   "
[bypass] gen  230 ce=2.606 acc=0.293 (uni=2.916 bi=2.357) dice: "o     o  e     o   o       o   "
[bypass] gen  240 ce=2.608 acc=0.293 (uni=2.916 bi=2.357) dice: "      o  e     o   e       e   "
[bypass] gen  250 ce=2.610 acc=0.293 (uni=2.916 bi=2.357) dice: "o     o  e     o   e       e   "
[bypass] gen  260 ce=2.613 acc=0.284 (uni=2.916 bi=2.357) dice: "o     o  e     o   e       e   "
[bypass] gen  270 ce=2.616 acc=0.259 (uni=2.916 bi=2.357) dice: "o     o  a     e   a       a   "
[bypass] gen  280 ce=2.599 acc=0.276 (uni=2.916 bi=2.357) dice: "o     o  a     o   a       a   "
[bypass] gen  290 ce=2.583 acc=0.267 (uni=2.916 bi=2.357) dice: "o     o  a     o   a     a a   "
[bypass] gen  300 ce=2.583 acc=0.284 (uni=2.916 bi=2.357) dice: "o     o  e     o   e       e   "
[bypass] gen  310 ce=2.587 acc=0.276 (uni=2.916 bi=2.357) dice: "o     o  a     o   a       a   "
[bypass] gen  320 ce=2.587 acc=0.276 (uni=2.916 bi=2.357) dice: "o     o  a     o   a       a   "
[bypass] gen  330 ce=2.571 acc=0.284 (uni=2.916 bi=2.357) dice: "o     o  a     o   a       a   "
[bypass] gen  340 ce=2.577 acc=0.250 (uni=2.916 bi=2.357) dice: "o        e     e   e       e   "
[bypass] gen  350 ce=2.565 acc=0.293 (uni=2.916 bi=2.357) dice: "o     o  e     o   e       e   "
[bypass] gen  360 ce=2.558 acc=0.293 (uni=2.916 bi=2.357) dice: "o     o  e     o   e       e   "
[bypass] gen  370 ce=2.548 acc=0.302 (uni=2.916 bi=2.357) dice: "o    eo  e    eo   e    ee e   "
[bypass] gen  380 ce=2.539 acc=0.284 (uni=2.916 bi=2.357) dice: "o    eo  e    ee   e    ee e   "
[bypass] gen  390 ce=2.541 acc=0.284 (uni=2.916 bi=2.357) dice: "o    eo  e    ee   e    ee e   "
[bypass] gen  400 ce=2.531 acc=0.276 (uni=2.916 bi=2.357) dice: "o    eo  e    ee   e    ee ee  "
[bypass] gen  410 ce=2.537 acc=0.284 (uni=2.916 bi=2.357) dice: "o    eo  e    ee   e    ee ee  "
[bypass] gen  420 ce=2.530 acc=0.284 (uni=2.916 bi=2.357) dice: "o    eo  e    ee   e    ee e   "
[bypass] gen  430 ce=2.522 acc=0.284 (uni=2.916 bi=2.357) dice: "o    eo  e    ee   e    ee e   "
[bypass] gen  440 ce=2.525 acc=0.284 (uni=2.916 bi=2.357) dice: "o    eo  e    ee   e    ee e   "
[bypass] gen  450 ce=2.525 acc=0.310 (uni=2.916 bi=2.357) dice: "o    oo  e    oo   e    oe e   "
[bypass] gen  460 ce=2.530 acc=0.284 (uni=2.916 bi=2.357) dice: "o    eo  ee   ee   ee   ee ee  "
[bypass] gen  470 ce=2.516 acc=0.310 (uni=2.916 bi=2.357) dice: "o    oo  ee   oo   ee   oe e   "
[bypass] gen  480 ce=2.517 acc=0.310 (uni=2.916 bi=2.357) dice: "o    oo  e    oo   e    oe e   "
[bypass] gen  490 ce=2.517 acc=0.276 (uni=2.916 bi=2.357) dice: "o     o  e     e   e       e   "
[bypass] gen  500 ce=2.517 acc=0.293 (uni=2.916 bi=2.357) dice: "o     o  e     o   a       e   "
[bypass] gen  510 ce=2.507 acc=0.293 (uni=2.916 bi=2.357) dice: "o    oo  e    oo   o    o  e   "
[bypass] gen  520 ce=2.514 acc=0.293 (uni=2.916 bi=2.357) dice: "o    oo  es   oo   ss   o  e   "
[bypass] gen  530 ce=2.507 acc=0.319 (uni=2.916 bi=2.357) dice: "o    oo  ea   oo   oa   oa e  o"
[bypass] gen  540 ce=2.516 acc=0.302 (uni=2.916 bi=2.357) dice: "o    oo  e    oo   e    o  e   "
[bypass] gen  550 ce=2.511 acc=0.302 (uni=2.916 bi=2.357) dice: "o    oo  ea   oo   oa   oa a   "
[bypass] gen  560 ce=2.500 acc=0.293 (uni=2.916 bi=2.357) dice: "o     o  e     o   e       e   "
[bypass] gen  570 ce=2.500 acc=0.302 (uni=2.916 bi=2.357) dice: "o    eo  e    eo   e    ea e   "
[bypass] gen  580 ce=2.496 acc=0.319 (uni=2.916 bi=2.357) dice: "o    eo  e    eo   e    ee ee o"
[bypass] gen  590 ce=2.476 acc=0.293 (uni=2.916 bi=2.357) dice: "o    eo  e    eo   e    ee ee  "
[bypass] gen  599 ce=2.477 acc=0.284 (uni=2.916 bi=2.357) dice: "o    eo  e    eo   e    e  e   "
