[real] gen    0 ce=3.405 acc=0.043 (uni=2.916 bi=2.357) dice: "¿¿oo¿l  o o¿eo ¿otel¿o¿¿ltel¿a¿"
[real] gen   10 ce=3.342 acc=0.198 (uni=2.916 bi=2.357) dice: "           o   o           o   "
[real] gen   20 ce=3.681 acc=0.147 (uni=2.916 bi=2.357) dice: "s   n n e  oe ns?sossos s?o s o"
[real] gen   30 ce=4.782 acc=0.103 (uni=2.916 bi=2.357) dice: "ree enee een rn?rs sr s r?srss?"
[real] gen   40 ce=5.752 acc=0.060 (uni=2.916 bi=2.357) dice: "re?r inrnenrn  r¿r¿irsr hrsro  "
[real] gen   50 ce=5.890 acc=0.069 (uni=2.916 bi=2.357) dice: "lie y n nr .yn.ye? .rse. éyr eh"
[real] gen   60 ce=7.178 acc=0.043 (uni=2.916 bi=2.357) dice: "li.n.yn.n...yn.yloyy yéle.s y.."
[real] gen   70 ce=7.677 acc=0.043 (uni=2.916 bi=2.357) dice: "qtiny.n .. .y.st  iú yé.e t y.h"
[real] gen   80 ce=7.942 acc=0.103 (uni=2.916 bi=2.357) dice: "qsent nuúu tui s   set  unu en "
[real] gen   90 ce=9.232 acc=0.103 (uni=2.916 bi=2.357) dice: "tsell n  i   s  e u y .t  s  eh"
[real] gen  100 ce=10.613 acc=0.138 (uni=2.916 bi=2.357) dice: "tseiy    u   s ie s   . u s e h"
[real] gen  110 ce=10.670 acc=0.121 (uni=2.916 bi=2.357) dice: "l e e   nu   i   u    .  s   .s"
[real] gen  120 ce=10.417 acc=0.103 (uni=2.916 bi=2.357) dice: "nse e   ny  n    iuie sih   snh"
[real] gen  130 ce=11.212 acc=0.069 (uni=2.916 bi=2.357) dice: "nslee e uuyeno ? uu  u eh s soh"
[real] gen  140 ce=10.931 acc=0.078 (uni=2.916 bi=2.357) dice: "qseiy nnay     ueiuce s  ey ee."
[real] gen  150 ce=11.155 acc=0.078 (uni=2.916 bi=2.357) dice: "ísess  e.ue e  sevusuee e sq uh"
[real] gen  160 ce=11.073 acc=0.078 (uni=2.916 bi=2.357) dice: "cdiv cccuiccc  ? iucegs  use c,"
[real] gen  170 ce=12.252 acc=0.095 (uni=2.916 bi=2.357) dice: "tcii cc uiccdg rduic cu   id c,"
[real] gen  180 ce=12.389 acc=0.078 (uni=2.916 bi=2.357) dice: "dvi.   uui u deiuvuiguu crhu u "
[real] gen  190 ce=11.946 acc=0.078 (uni=2.916 bi=2.357) dice: "edeiíu daidcevireeuc yc  hoeuuh"
[real] gen  200 ce=13.247 acc=0.078 (uni=2.916 bi=2.357) dice: "edlig e  secee gdhieeybsegcesre"
[real] gen  210 ce=12.666 acc=0.121 (uni=2.916 bi=2.357) dice: "edei e euygceri euuerc    g ic "
[real] gen  220 ce=14.446 acc=0.147 (uni=2.916 bi=2.357) dice: "e  il e íy ri eie i  g  eguige "
[real] gen  230 ce=14.413 acc=0.112 (uni=2.916 bi=2.357) dice: "eseiér   y uiri   ie i ingu  e "
[real] gen  240 ce=14.634 acc=0.103 (uni=2.916 bi=2.357) dice: "esí s    u    ts ré,  i  si    "
[real] gen  250 ce=13.773 acc=0.138 (uni=2.916 bi=2.357) dice: "qs t   rcd   r    éi eo  r  u  "
[real] gen  260 ce=14.444 acc=0.086 (uni=2.916 bi=2.357) dice: "e   i e cur is  e  r sioe é e  "
[real] gen  270 ce=14.623 acc=0.078 (uni=2.916 bi=2.357) dice: "t nié  e u  i  r éi   ei ú e o "
[real] gen  280 ce=15.921 acc=0.121 (uni=2.916 bi=2.357) dice: "t vir   átnti ú r isrrué  t  on"
[real] gen  290 ce=15.444 acc=0.121 (uni=2.916 bi=2.357) dice: "ttv.í.úr.nt nt é itnrrct s otoe"
[real] gen  299 ce=18.277 acc=0.086 (uni=2.916 bi=2.357) dice: "ttvi  r .ncoús rot. rrtúoystoos"
