[real] gen    0 ce=3.420 acc=0.198 (uni=2.916 bi=2.357) dice: "      t     m                ói"
[real] gen   10 ce=3.236 acc=0.198 (uni=2.916 bi=2.357) dice: "                               "
[real] gen   20 ce=3.083 acc=0.198 (uni=2.916 bi=2.357) dice: "                               "
[real] gen   30 ce=3.028 acc=0.198 (uni=2.916 bi=2.357) dice: "                               "
[real] gen   40 ce=2.974 acc=0.198 (uni=2.916 bi=2.357) dice: "                               "
[real] gen   50 ce=2.934 acc=0.198 (uni=2.916 bi=2.357) dice: "                               "
[real] gen   60 ce=2.892 acc=0.198 (uni=2.916 bi=2.357) dice: "                               "
[real] gen   70 ce=2.842 acc=0.198 (uni=2.916 bi=2.357) dice: "                               "
[real] gen   80 ce=2.819 acc=0.216 (uni=2.916 bi=2.357) dice: "         o                 o   "
[real] gen   90 ce=2.818 acc=0.224 (uni=2.916 bi=2.357) dice: "      o  oo        oo      o   "
[real] gen  100 ce=2.774 acc=0.207 (uni=2.916 bi=2.357) dice: "                               "
[real] gen  110 ce=2.747 acc=0.224 (uni=2.916 bi=2.357) dice: "         o                 o   "
[real] gen  120 ce=2.749 acc=0.224 (uni=2.916 bi=2.357) dice: "         o                 o   "
[real] gen  130 ce=2.739 acc=0.276 (uni=2.916 bi=2.357) dice: "      e  oo   e    eo   oe o   "
[real] gen  140 ce=2.748 acc=0.267 (uni=2.916 bi=2.357) dice: "      e  o    e    eo   oe o   "
[real] gen  150 ce=2.755 acc=0.250 (uni=2.916 bi=2.357) dice: "      e  e    e    e     e e   "
[real] gen  160 ce=2.759 acc=0.250 (uni=2.916 bi=2.357) dice: "      e  e    e    e     e e   "
[real] gen  170 ce=2.750 acc=0.250 (uni=2.916 bi=2.357) dice: "      e  e         e     e e   "
[real] gen  180 ce=2.736 acc=0.293 (uni=2.916 bi=2.357) dice: "      o  oooo oo   oo o oo o  o"
[real] gen  190 ce=2.727 acc=0.302 (uni=2.916 bi=2.357) dice: "      o  e  o eo   e oo  e e   "
[real] gen  200 ce=2.722 acc=0.250 (uni=2.916 bi=2.357) dice: "      e  e         e     e e   "
[real] gen  210 ce=2.697 acc=0.241 (uni=2.916 bi=2.357) dice: "      e  e    ee   e    e  e   "
[real] gen  220 ce=2.685 acc=0.241 (uni=2.916 bi=2.357) dice: "      e  e     e   e       e   "
[real] gen  230 ce=2.667 acc=0.250 (uni=2.916 bi=2.357) dice: "     ee  ee o ee   e     e e   "
[real] gen  240 ce=2.679 acc=0.259 (uni=2.916 bi=2.357) dice: "     ee  e  o ee   e    ee e   "
[real] gen  250 ce=2.662 acc=0.284 (uni=2.916 bi=2.357) dice: "     eo  e  o ee   e    ee e  o"
[real] gen  260 ce=2.658 acc=0.284 (uni=2.916 bi=2.357) dice: "     eo  e  o ee   e    ee e   "
[real] gen  270 ce=2.662 acc=0.276 (uni=2.916 bi=2.357) dice: "     eo  e  o ee   e    ee e   "
[real] gen  280 ce=2.661 acc=0.276 (uni=2.916 bi=2.357) dice: "     eo  e    eo   e    e  e   "
[real] gen  290 ce=2.653 acc=0.250 (uni=2.916 bi=2.357) dice: "     e   e    ee   e    e  e   "
[real] gen  300 ce=2.636 acc=0.302 (uni=2.916 bi=2.357) dice: "     eo  e    ee   e    ee e   "
[real] gen  310 ce=2.637 acc=0.259 (uni=2.916 bi=2.357) dice: "      o  e  o ee   e    ee e   "
[real] gen  320 ce=2.638 acc=0.233 (uni=2.916 bi=2.357) dice: "         e     e   o       e   "
[real] gen  330 ce=2.625 acc=0.276 (uni=2.916 bi=2.357) dice: "     ee  e  o ee   e    ee e   "
[real] gen  340 ce=2.628 acc=0.293 (uni=2.916 bi=2.357) dice: "      o  eo o  e   oo      o  o"
[real] gen  350 ce=2.619 acc=0.310 (uni=2.916 bi=2.357) dice: "      o  oo.o eo   oo   oe o  o"
[real] gen  360 ce=2.611 acc=0.293 (uni=2.916 bi=2.357) dice: "      o  eo.  eo   oo    e o   "
[real] gen  370 ce=2.615 acc=0.302 (uni=2.916 bi=2.357) dice: "      o  e .   o   o     e e   "
[real] gen  380 ce=2.609 acc=0.276 (uni=2.916 bi=2.357) dice: "     e   e .  eo   e    ee e   "
[real] gen  390 ce=2.609 acc=0.267 (uni=2.916 bi=2.357) dice: "         e .   o   e    e  e   "
[real] gen  400 ce=2.605 acc=0.310 (uni=2.916 bi=2.357) dice: "      o  e .o  o   o    ae o   "
[real] gen  410 ce=2.580 acc=0.293 (uni=2.916 bi=2.357) dice: "     ee  e     e   e    ee e   "
[real] gen  420 ce=2.583 acc=0.267 (uni=2.916 bi=2.357) dice: "     ee  e  o ee   o    ee e   "
[real] gen  430 ce=2.566 acc=0.267 (uni=2.916 bi=2.357) dice: "     ee  e    ee   e    ee e   "
[real] gen  440 ce=2.543 acc=0.284 (uni=2.916 bi=2.357) dice: "     eo  e    ee   o    ee e   "
[real] gen  450 ce=2.552 acc=0.302 (uni=2.916 bi=2.357) dice: "     eo  oo.o oo   oo o eo o  o"
[real] gen  460 ce=2.568 acc=0.284 (uni=2.916 bi=2.357) dice: "     eo  oo.o ee   o  o ee o  o"
[real] gen  470 ce=2.548 acc=0.267 (uni=2.916 bi=2.357) dice: "     ee  e .o ee   e .  ee e   "
[real] gen  480 ce=2.547 acc=0.310 (uni=2.916 bi=2.357) dice: "     eo  eo o ee   oooo ee o  o"
[real] gen  490 ce=2.541 acc=0.284 (uni=2.916 bi=2.357) dice: "      o  e         o    e  o   "
[real] gen  500 ce=2.532 acc=0.302 (uni=2.916 bi=2.357) dice: "     oo  e .. oo   o    ee o   "
[real] gen  510 ce=2.533 acc=0.284 (uni=2.916 bi=2.357) dice: "      e  e .. ee   e    ee e   "
[real] gen  520 ce=2.544 acc=0.293 (uni=2.916 bi=2.357) dice: "      e  e .. oo   e .. ea o.. "
[real] gen  530 ce=2.534 acc=0.293 (uni=2.916 bi=2.357) dice: "     oo  e .. oo   o .. oa o   "
[real] gen  540 ce=2.535 acc=0.267 (uni=2.916 bi=2.357) dice: "     eo  e .. ea   e .. ea e   "
[real] gen  550 ce=2.548 acc=0.267 (uni=2.916 bi=2.357) dice: "     oo  es.o oa   oo.o oa o   "
[real] gen  560 ce=2.548 acc=0.267 (uni=2.916 bi=2.357) dice: "     oo  esoo oa   o oo oa o   "
