>>> Experiment:     sugarR
    Output file:    /home/user/Consciousness/experiments/phase0/results_783/sugarR.parquet
    Excited neurons: 20
    Elapsed time:   376 s
{
 "version": "783",
 "n_run": 30,
 "t_run_s": 1.0,
 "wall_s": 378.2,
 "wall_per_bio_s": 12.6,
 "mn9_rate_hz": 77.9,
 "n_active_neurons": 437,
 "top10": {
  "720575940639332736": 151.66666666666666,
  "720575940639198653": 151.53333333333333,
  "720575940621502051": 150.46666666666667,
  "720575940630797113": 149.66666666666666,
  "720575940611875570": 148.73333333333332,
  "720575940630233916": 148.63333333333333,
  "720575940612670570": 148.53333333333333,
  "720575940632889389": 148.43333333333334,
  "720575940624963786": 148.03333333333333,
  "720575940629176663": 147.73333333333332
 }
}
